// Jest Snapshot v1, https://goo.gl/fbAQLP

exports[`ManufacturersFilter defaultState should match snapshot 1`] = `
Object {
  "error": null,
  "fetching": false,
  "manufacturers": Array [],
  "selectedManufacturer": null,
}
`;
