// Jest Snapshot v1, https://goo.gl/fbAQLP

exports[`BorderedBox Should match snapshot 1`] = `"<div class=\\"sc-bdVaJa fLeUxE\\"></div>"`;
