// Jest Snapshot v1, https://goo.gl/fbAQLP

exports[`CarDetailsPage Should match snapshot when the car is not saved 1`] = `"<div class=\\"sc-EHOje dUxNKn\\"><div class=\\"sc-bZQynM fmYkVX\\"><div style=\\"width:60%\\" class=\\"sc-gzVnrw kvhoeX\\"><div class=\\"sc-gzVnrw kvhoeX\\"><h1 class=\\"sc-bdVaJa cyYLae\\">BMW X1</h1><div class=\\"sc-dnqmqq hZDOWW\\"></div><h3 class=\\"sc-htpNat ldqxTF\\">Stock # 10079 - 178994 km - Diesel - black</h3><div class=\\"sc-dnqmqq hZDOWW\\"></div><span class=\\"sc-bwzfXH isOLYK\\">This car is currently available and can be delivered as soon as tomorrow morning. Please be aware that delivery times shown in this page are not definitive and may change due to bad weather conditions.</span></div></div><div style=\\"width:40%;margin-left:24px\\" class=\\"sc-gzVnrw kvhoeX\\"><div class=\\"sc-ifAKCX javJuV\\"><div class=\\"sc-gzVnrw kvhoeX\\"><span class=\\"sc-bwzfXH isOLYK\\">If you like this car, click the button and save it in your collection of favourite items.</span><div class=\\"sc-htoDjs bhGQoG\\"><button class=\\"sc-bxivhb kyvnHz\\"><span class=\\"sc-bwzfXH isOLYK\\">Save</span></button></div></div></div></div></div></div>"`;

exports[`CarDetailsPage Should match snapshot when the car is saved 1`] = `"<div class=\\"sc-EHOje dUxNKn\\"><div class=\\"sc-bZQynM fmYkVX\\"><div style=\\"width:60%\\" class=\\"sc-gzVnrw kvhoeX\\"><div class=\\"sc-gzVnrw kvhoeX\\"><h1 class=\\"sc-bdVaJa cyYLae\\">BMW X1</h1><div class=\\"sc-dnqmqq hZDOWW\\"></div><h3 class=\\"sc-htpNat ldqxTF\\">Stock # 10079 - 178994 km - Diesel - black</h3><div class=\\"sc-dnqmqq hZDOWW\\"></div><span class=\\"sc-bwzfXH isOLYK\\">This car is currently available and can be delivered as soon as tomorrow morning. Please be aware that delivery times shown in this page are not definitive and may change due to bad weather conditions.</span></div></div><div style=\\"width:40%;margin-left:24px\\" class=\\"sc-gzVnrw kvhoeX\\"><div class=\\"sc-ifAKCX javJuV\\"><div class=\\"sc-gzVnrw kvhoeX\\"><span class=\\"sc-bwzfXH isOLYK\\">If you like this car, click the button and save it in your collection of favourite items.</span><div class=\\"sc-htoDjs bhGQoG\\"><button class=\\"sc-bxivhb kyvnHz\\"><span class=\\"sc-bwzfXH isOLYK\\">Unsave</span></button></div></div></div></div></div></div>"`;
