// Jest Snapshot v1, https://goo.gl/fbAQLP

exports[`CarsListSortBox Should match snapshot 1`] = `"<div class=\\"sc-bZQynM AMncx\\"><span class=\\"sc-bdVaJa sc-gzVnrw hlocEI\\">Sort by</span><div class=\\"sc-bwzfXH gYNwqV\\"><button class=\\"sc-htpNat kYidVU\\"><span class=\\"sc-bdVaJa bkmfbd\\">None</span><span class=\\"sc-bxivhb kAOnLj\\"><span>â–¼</span></span></button></div></div>"`;
