// Jest Snapshot v1, https://goo.gl/fbAQLP

exports[`CarShortDescription Should match snapshot 1`] = `"<p>Stock # 12345 - 123 km - diesel - white</p>"`;
