// Jest Snapshot v1, https://goo.gl/fbAQLP

exports[`CarsListPaginated Show empty list Should match snapshot 1`] = `"<div class=\\"sc-gqjmRU jFwtAU\\"><div class=\\"sc-gZMcBi bkpuIb\\"><div class=\\"sc-gqjmRU jFwtAU\\"><h3 class=\\"sc-bdVaJa sc-bwzfXH knfVVl\\">Available cars</h3><h3 style=\\"margin:24px 0px\\" class=\\"sc-bdVaJa fkyhBf\\">Showing 0 of 0 results</h3></div></div><div class=\\"sc-gzVnrw dPdjli\\"></div><nav class=\\"sc-dnqmqq dhWCzT\\"><span class=\\"sc-htpNat lptLpj\\"><a class=\\"sc-htoDjs sc-iwsKbI fVuIeh\\">First</a><a class=\\"sc-htoDjs sc-iwsKbI fVuIeh\\">Previous</a><span style=\\"margin:0px 12px\\">Page 1 of 1</span><a class=\\"sc-htoDjs sc-iwsKbI fVuIeh\\">Next</a><a class=\\"sc-htoDjs sc-iwsKbI fVuIeh\\">Last</a></span></nav></div>"`;

exports[`CarsListPaginated Show filled list Should match snapshot 1`] = `"<div class=\\"sc-gqjmRU jFwtAU\\"><div class=\\"sc-gZMcBi bkpuIb\\"><div class=\\"sc-gqjmRU jFwtAU\\"><h3 class=\\"sc-bdVaJa sc-bwzfXH knfVVl\\">Available cars</h3><h3 style=\\"margin:24px 0px\\" class=\\"sc-bdVaJa fkyhBf\\">Showing 10 of 10 results</h3></div></div><div class=\\"sc-gzVnrw dPdjli\\"><article class=\\"sc-bZQynM hEXood\\"><img src=\\"http://localhost:3001/car.svg\\" class=\\"sc-EHOje qtPkP\\"/><section class=\\"sc-ifAKCX hPHZRJ\\"><h3 class=\\"sc-bdVaJa sc-bwzfXH knfVVl\\">BMW X1</h3><span class=\\"sc-htpNat lptLpj\\">Stock # 10079 - 178994 km - Diesel - black</span><span class=\\"sc-htpNat lptLpj\\"><a class=\\"sc-bxivhb gpMpcx\\" href=\\"/10079\\">View details</a></span></section></article><article class=\\"sc-bZQynM hEXood\\"><img src=\\"http://localhost:3001/car.svg\\" class=\\"sc-EHOje qtPkP\\"/><section class=\\"sc-ifAKCX hPHZRJ\\"><h3 class=\\"sc-bdVaJa sc-bwzfXH knfVVl\\">Skoda Octavia</h3><span class=\\"sc-htpNat lptLpj\\">Stock # 10206 - 142074 km - Petrol - black</span><span class=\\"sc-htpNat lptLpj\\"><a class=\\"sc-bxivhb gpMpcx\\" href=\\"/10206\\">View details</a></span></section></article><article class=\\"sc-bZQynM hEXood\\"><img src=\\"http://localhost:3001/car.svg\\" class=\\"sc-EHOje qtPkP\\"/><section class=\\"sc-ifAKCX hPHZRJ\\"><h3 class=\\"sc-bdVaJa sc-bwzfXH knfVVl\\">Dodge Journey</h3><span class=\\"sc-htpNat lptLpj\\">Stock # 10384 - 125976 km - Petrol - green</span><span class=\\"sc-htpNat lptLpj\\"><a class=\\"sc-bxivhb gpMpcx\\" href=\\"/10384\\">View details</a></span></section></article><article class=\\"sc-bZQynM hEXood\\"><img src=\\"http://localhost:3001/car.svg\\" class=\\"sc-EHOje qtPkP\\"/><section class=\\"sc-ifAKCX hPHZRJ\\"><h3 class=\\"sc-bdVaJa sc-bwzfXH knfVVl\\">Mercedes-Benz CLC-Klasse</h3><span class=\\"sc-htpNat lptLpj\\">Stock # 10556 - 144895 km - Petrol - white</span><span class=\\"sc-htpNat lptLpj\\"><a class=\\"sc-bxivhb gpMpcx\\" href=\\"/10556\\">View details</a></span></section></article><article class=\\"sc-bZQynM hEXood\\"><img src=\\"http://localhost:3001/car.svg\\" class=\\"sc-EHOje qtPkP\\"/><section class=\\"sc-ifAKCX hPHZRJ\\"><h3 class=\\"sc-bdVaJa sc-bwzfXH knfVVl\\">Skoda Felicia</h3><span class=\\"sc-htpNat lptLpj\\">Stock # 10577 - 173054 km - Petrol - blue</span><span class=\\"sc-htpNat lptLpj\\"><a class=\\"sc-bxivhb gpMpcx\\" href=\\"/10577\\">View details</a></span></section></article><article class=\\"sc-bZQynM hEXood\\"><img src=\\"http://localhost:3001/car.svg\\" class=\\"sc-EHOje qtPkP\\"/><section class=\\"sc-ifAKCX hPHZRJ\\"><h3 class=\\"sc-bdVaJa sc-bwzfXH knfVVl\\">Volkswagen Golf I</h3><span class=\\"sc-htpNat lptLpj\\">Stock # 10819 - 179730 km - Petrol - black</span><span class=\\"sc-htpNat lptLpj\\"><a class=\\"sc-bxivhb gpMpcx\\" href=\\"/10819\\">View details</a></span></section></article><article class=\\"sc-bZQynM hEXood\\"><img src=\\"http://localhost:3001/car.svg\\" class=\\"sc-EHOje qtPkP\\"/><section class=\\"sc-ifAKCX hPHZRJ\\"><h3 class=\\"sc-bdVaJa sc-bwzfXH knfVVl\\">Mercedes-Benz GT AMG</h3><span class=\\"sc-htpNat lptLpj\\">Stock # 10908 - 150110 km - Petrol - green</span><span class=\\"sc-htpNat lptLpj\\"><a class=\\"sc-bxivhb gpMpcx\\" href=\\"/10908\\">View details</a></span></section></article><article class=\\"sc-bZQynM hEXood\\"><img src=\\"http://localhost:3001/car.svg\\" class=\\"sc-EHOje qtPkP\\"/><section class=\\"sc-ifAKCX hPHZRJ\\"><h3 class=\\"sc-bdVaJa sc-bwzfXH knfVVl\\">Dodge Avenger</h3><span class=\\"sc-htpNat lptLpj\\">Stock # 11160 - 130487 km - Petrol - yellow</span><span class=\\"sc-htpNat lptLpj\\"><a class=\\"sc-bxivhb gpMpcx\\" href=\\"/11160\\">View details</a></span></section></article><article class=\\"sc-bZQynM hEXood\\"><img src=\\"http://localhost:3001/car.svg\\" class=\\"sc-EHOje qtPkP\\"/><section class=\\"sc-ifAKCX hPHZRJ\\"><h3 class=\\"sc-bdVaJa sc-bwzfXH knfVVl\\">Dodge Avenger</h3><span class=\\"sc-htpNat lptLpj\\">Stock # 11281 - 184601 km - Diesel - white</span><span class=\\"sc-htpNat lptLpj\\"><a class=\\"sc-bxivhb gpMpcx\\" href=\\"/11281\\">View details</a></span></section></article><article class=\\"sc-bZQynM hEXood\\"><img src=\\"http://localhost:3001/car.svg\\" class=\\"sc-EHOje qtPkP\\"/><section class=\\"sc-ifAKCX hPHZRJ\\"><h3 class=\\"sc-bdVaJa sc-bwzfXH knfVVl\\">Tesla Model S</h3><span class=\\"sc-htpNat lptLpj\\">Stock # 11290 - 187797 km - Petrol - green</span><span class=\\"sc-htpNat lptLpj\\"><a class=\\"sc-bxivhb gpMpcx\\" href=\\"/11290\\">View details</a></span></section></article></div><nav class=\\"sc-dnqmqq dhWCzT\\"><span class=\\"sc-htpNat lptLpj\\"><a class=\\"sc-htoDjs sc-iwsKbI fVuIeh\\">First</a><a class=\\"sc-htoDjs sc-iwsKbI fVuIeh\\">Previous</a><span style=\\"margin:0px 12px\\">Page 1 of 1</span><a class=\\"sc-htoDjs sc-iwsKbI fVuIeh\\">Next</a><a class=\\"sc-htoDjs sc-iwsKbI fVuIeh\\">Last</a></span></nav></div>"`;

exports[`CarsListPaginated While fetching Should match snapshot 1`] = `"<h3>Loading...</h3>"`;
