// Jest Snapshot v1, https://goo.gl/fbAQLP

exports[`CarsList Should match snapshot 1`] = `"<div class=\\"sc-htoDjs cfVSXB\\"><article class=\\"sc-bZQynM hEXood\\"><img src=\\"http://localhost:3001/car.svg\\" class=\\"sc-EHOje qtPkP\\"/><section class=\\"sc-ifAKCX hPHZRJ\\"><h3 class=\\"sc-htpNat sc-bxivhb cjMArm\\">Fiat Talento</h3><span class=\\"sc-bdVaJa bkmfbd\\">Stock # 86987 - 102586 km - Petrol - white</span><span class=\\"sc-bdVaJa bkmfbd\\"><a class=\\"sc-bwzfXH isCRHY\\" href=\\"/86987\\">View details</a></span></section></article></div>"`;
