// Jest Snapshot v1, https://goo.gl/fbAQLP

exports[`CarTitle Should match snapshot 1`] = `"<h3 style=\\"font-weight:bold\\" class=\\"sc-bdVaJa fkyhBf\\">Fiat Marea</h3>"`;
