// Jest Snapshot v1, https://goo.gl/fbAQLP

exports[`Footer Should match snapshot 1`] = `"<footer class=\\"sc-bwzfXH jfoUVV\\"><div class=\\"sc-htpNat dQtbOH\\"><span class=\\"sc-bdVaJa bkmfbd\\">Â© AUTO1 Group 2018</span></div></footer>"`;
