// Jest Snapshot v1, https://goo.gl/fbAQLP

exports[`Link Should match snapshot 1`] = `"<a class=\\"sc-bdVaJa enetwA\\" href=\\"/page1\\">This is a Link</a>"`;
