// Jest Snapshot v1, https://goo.gl/fbAQLP

exports[`NavLogo Should match snapshot 1`] = `"<div class=\\"sc-bdVaJa NFzwl\\"><img src=\\"logo.png\\" alt=\\"Auto1\\" class=\\"sc-bwzfXH foBZsz\\"/></div>"`;
