// Jest Snapshot v1, https://goo.gl/fbAQLP

exports[`NavMenu Should match snapshot 1`] = `"<ul class=\\"sc-bdVaJa hoBDDC\\"></ul>"`;
