// Jest Snapshot v1, https://goo.gl/fbAQLP

exports[`NavMenuItem Should match snapshot 1`] = `"<li class=\\"sc-bdVaJa eqdneR\\"></li>"`;
