// Jest Snapshot v1, https://goo.gl/fbAQLP

exports[`SmallerText Should match snapshot 1`] = `"<span class=\\"sc-bdVaJa sc-bwzfXH cKrwmx\\">This is a SmallerText</span>"`;
