// Jest Snapshot v1, https://goo.gl/fbAQLP

exports[`PaginationNav Should match snapshot 1`] = `"<a class=\\"sc-bdVaJa cwYlnv\\"></a>"`;
