// Jest Snapshot v1, https://goo.gl/fbAQLP

exports[`SubTitle Should match snapshot 1`] = `"<h3 class=\\"sc-bdVaJa fkyhBf\\">This is a SubTitle</h3>"`;
