// Jest Snapshot v1, https://goo.gl/fbAQLP

exports[`SubTitleBold Should match snapshot 1`] = `"<h3 class=\\"sc-bdVaJa sc-bwzfXH knfVVl\\">This is a SubTitleBold</h3>"`;
