// Jest Snapshot v1, https://goo.gl/fbAQLP

exports[`Text Should match snapshot 1`] = `"<span class=\\"sc-bdVaJa bkmfbd\\">This is a Text</span>"`;
