// Jest Snapshot v1, https://goo.gl/fbAQLP

exports[`Title Should match snapshot 1`] = `"<h1 style=\\"font-size:32px;font-weight:bold\\">This is a title</h1>"`;
